[backblue.gif]
[fade.gif]
[index.html]
[www.gettemplate.com/demo/progressus-pro/assets/images/gt_favicon.png]
[www.gettemplate.com/demo/progressus-pro/assets/images/logo.png]
[maxcdn.bootstrapcdn.com/bootstrap/3.3.4/css/bootstrap.min.css]
[maxcdn.bootstrapcdn.com/font-awesome/4.3.0/css/font-awesome.min.css]
[www.gettemplate.com/demo/progressus-pro/assets/images/logo_on_white.png]
[www.gettemplate.com/demo/progressus-pro/assets/images/people/1.jpg]
[www.gettemplate.com/demo/progressus-pro/assets/images/people/2.jpg]
[www.gettemplate.com/demo/progressus-pro/assets/images/people/3.jpg]
[www.gettemplate.com/demo/progressus-pro/signup.html]
[www.google-analytics.com/analytics.js]
[ajax.googleapis.com/ajax/libs/jquery/1.10.2/jquery.min.js]
[www.gettemplate.com/demo/progressus-pro/index.html]
[maxcdn.bootstrapcdn.com/bootstrap/3.3.4/css/bootstrap.min.css]
[maxcdn.bootstrapcdn.com/font-awesome/4.3.0/css/font-awesome.min.css]
[maxcdn.bootstrapcdn.com/bootstrap/3.3.4/js/bootstrap.min.js]
[www.gettemplate.com/demo/progressus-pro/assets/images/bg_header.jpg]
[www.gettemplate.com/demo/progressus-pro/assets/images/bg_header_services1.jpg]
[www.gettemplate.com/demo/progressus-pro/assets/images/bg_header_blog.jpg]
[www.gettemplate.com/demo/progressus-pro/assets/images/bg_header_soft.jpg]
[www.gettemplate.com/demo/progressus-pro/assets/css/styles.css]
[www.gettemplate.com/demo/progressus-pro/assets/images/ap-screenshot.jpg]
[www.gettemplate.com/demo/progressus-pro/assets/images/mac.png]
[www.gettemplate.com/demo/progressus-pro/landing-startup.html]
[www.gettemplate.com/demo/progressus-pro/assets/images/logos/1.png]
[www.gettemplate.com/demo/progressus-pro/assets/images/logos/2.png]
[www.gettemplate.com/demo/progressus-pro/assets/images/logos/3.png]
[www.gettemplate.com/demo/progressus-pro/assets/images/logos/4.png]
[www.gettemplate.com/demo/progressus-pro/assets/images/logos/5.png]
[www.gettemplate.com/demo/progressus-pro/assets/images/logos/6.png]
[www.gettemplate.com/demo/progressus-pro/features.html]
[www.gettemplate.com/demo/progressus-pro/pricing.html]
[www.gettemplate.com/demo/progressus-pro/assets/images/s1.jpg]
[www.gettemplate.com/demo/progressus-pro/assets/images/s2.jpg]
[www.gettemplate.com/demo/progressus-pro/assets/images/s3.jpg]
[www.gettemplate.com/demo/progressus-pro/services.html]
[www.gettemplate.com/demo/progressus-pro/assets/images/portfolio/1.jpg]
[www.gettemplate.com/demo/progressus-pro/assets/images/portfolio/2.jpg]
[www.gettemplate.com/demo/progressus-pro/assets/images/portfolio/3.jpg]
[www.gettemplate.com/demo/progressus-pro/assets/images/portfolio/4.jpg]
[www.gettemplate.com/demo/progressus-pro/assets/images/portfolio/5.jpg]
[www.gettemplate.com/demo/progressus-pro/assets/images/portfolio/6.jpg]
[www.gettemplate.com/demo/progressus-pro/assets/images/portfolio/7.jpg]
[www.gettemplate.com/demo/progressus-pro/assets/images/portfolio/8.jpg]
[www.gettemplate.com/demo/progressus-pro/portfolio.html]
[www.gettemplate.com/demo/progressus-pro/assets/images/portfolio/full1.jpg]
[www.gettemplate.com/demo/progressus-pro/assets/images/portfolio/full2.jpg]
[www.gettemplate.com/demo/progressus-pro/assets/images/portfolio/full3.jpg]
[www.gettemplate.com/demo/progressus-pro/portfolio-item.html]
[www.gettemplate.com/demo/progressus-pro/assets/images/mac.jpg]
[www.gettemplate.com/demo/progressus-pro/blog.html]
[www.gettemplate.com/demo/progressus-pro/single.html]
[www.gettemplate.com/demo/progressus-pro/assets/images/people/4.jpg]
[www.gettemplate.com/demo/progressus-pro/assets/images/map.png]
[www.gettemplate.com/demo/progressus-pro/about.html]
[www.gettemplate.com/demo/progressus-pro/assets/images/1.jpg]
[www.gettemplate.com/demo/progressus-pro/assets/images/2.jpg]
[www.gettemplate.com/demo/progressus-pro/sidebar-left.html]
[www.gettemplate.com/demo/progressus-pro/sidebar-right.html]
[maps.googleapis.com/maps/api/js555e]
[www.gettemplate.com/demo/progressus-pro/contact.html]
[www.gettemplate.com/demo/progressus-pro/signin.html]
[www.gettemplate.com/demo/progressus-pro/signup.html]
[www.gettemplate.com/demo/progressus-pro/assets/js/bootstrap-hover-dropdown.min.js]
[www.gettemplate.com/demo/progressus-pro/assets/js/headroom.min.js]
[www.gettemplate.com/demo/progressus-pro/assets/js/jQuery.headroom.min.js]
[www.gettemplate.com/demo/progressus-pro/assets/js/template.js]
[www.gettemplate.com/demo/progressus-pro/assets/js/imagesloaded.pkgd.min.js]
[www.gettemplate.com/demo/progressus-pro/assets/js/isotope.pkgd.min.js]
[www.gettemplate.com/demo/progressus-pro/assets/js/google-map.js]
